###############################################################################
#
# IAR ELF Linker V8.22.1.15669/W32 for ARM                25/Sep/2019  23:33:26
# Copyright 2007-2018 IAR Systems AB.
#
#    Output file  =  
#        C:\stm_file\Rescue_firmware_2019\EWARM\Rescue_firmware_2019\Exe\Rescue_firmware_2019.out
#    Map file     =  
#        C:\stm_file\Rescue_firmware_2019\EWARM\Rescue_firmware_2019\List\Rescue_firmware_2019.map
#    Command line =  
#        -f C:\Users\wndus\AppData\Local\Temp\EW2F1E.tmp
#        (C:\stm_file\Rescue_firmware_2019\EWARM\Rescue_firmware_2019\Obj\cmsis_os.o
#        C:\stm_file\Rescue_firmware_2019\EWARM\Rescue_firmware_2019\Obj\croutine.o
#        C:\stm_file\Rescue_firmware_2019\EWARM\Rescue_firmware_2019\Obj\event_groups.o
#        C:\stm_file\Rescue_firmware_2019\EWARM\Rescue_firmware_2019\Obj\freertos.o
#        C:\stm_file\Rescue_firmware_2019\EWARM\Rescue_firmware_2019\Obj\heap_4.o
#        C:\stm_file\Rescue_firmware_2019\EWARM\Rescue_firmware_2019\Obj\list.o
#        C:\stm_file\Rescue_firmware_2019\EWARM\Rescue_firmware_2019\Obj\main.o
#        C:\stm_file\Rescue_firmware_2019\EWARM\Rescue_firmware_2019\Obj\port.o
#        C:\stm_file\Rescue_firmware_2019\EWARM\Rescue_firmware_2019\Obj\portasm.o
#        C:\stm_file\Rescue_firmware_2019\EWARM\Rescue_firmware_2019\Obj\queue.o
#        C:\stm_file\Rescue_firmware_2019\EWARM\Rescue_firmware_2019\Obj\startup_stm32f446xx.o
#        C:\stm_file\Rescue_firmware_2019\EWARM\Rescue_firmware_2019\Obj\stm32f4xx_hal.o
#        C:\stm_file\Rescue_firmware_2019\EWARM\Rescue_firmware_2019\Obj\stm32f4xx_hal_cortex.o
#        C:\stm_file\Rescue_firmware_2019\EWARM\Rescue_firmware_2019\Obj\stm32f4xx_hal_dma.o
#        C:\stm_file\Rescue_firmware_2019\EWARM\Rescue_firmware_2019\Obj\stm32f4xx_hal_dma_ex.o
#        C:\stm_file\Rescue_firmware_2019\EWARM\Rescue_firmware_2019\Obj\stm32f4xx_hal_exti.o
#        C:\stm_file\Rescue_firmware_2019\EWARM\Rescue_firmware_2019\Obj\stm32f4xx_hal_flash.o
#        C:\stm_file\Rescue_firmware_2019\EWARM\Rescue_firmware_2019\Obj\stm32f4xx_hal_flash_ex.o
#        C:\stm_file\Rescue_firmware_2019\EWARM\Rescue_firmware_2019\Obj\stm32f4xx_hal_flash_ramfunc.o
#        C:\stm_file\Rescue_firmware_2019\EWARM\Rescue_firmware_2019\Obj\stm32f4xx_hal_gpio.o
#        C:\stm_file\Rescue_firmware_2019\EWARM\Rescue_firmware_2019\Obj\stm32f4xx_hal_msp.o
#        C:\stm_file\Rescue_firmware_2019\EWARM\Rescue_firmware_2019\Obj\stm32f4xx_hal_pwr.o
#        C:\stm_file\Rescue_firmware_2019\EWARM\Rescue_firmware_2019\Obj\stm32f4xx_hal_pwr_ex.o
#        C:\stm_file\Rescue_firmware_2019\EWARM\Rescue_firmware_2019\Obj\stm32f4xx_hal_rcc.o
#        C:\stm_file\Rescue_firmware_2019\EWARM\Rescue_firmware_2019\Obj\stm32f4xx_hal_rcc_ex.o
#        C:\stm_file\Rescue_firmware_2019\EWARM\Rescue_firmware_2019\Obj\stm32f4xx_hal_spi.o
#        C:\stm_file\Rescue_firmware_2019\EWARM\Rescue_firmware_2019\Obj\stm32f4xx_hal_tim.o
#        C:\stm_file\Rescue_firmware_2019\EWARM\Rescue_firmware_2019\Obj\stm32f4xx_hal_tim_ex.o
#        C:\stm_file\Rescue_firmware_2019\EWARM\Rescue_firmware_2019\Obj\stm32f4xx_hal_uart.o
#        C:\stm_file\Rescue_firmware_2019\EWARM\Rescue_firmware_2019\Obj\stm32f4xx_it.o
#        C:\stm_file\Rescue_firmware_2019\EWARM\Rescue_firmware_2019\Obj\stream_buffer.o
#        C:\stm_file\Rescue_firmware_2019\EWARM\Rescue_firmware_2019\Obj\system_stm32f4xx.o
#        C:\stm_file\Rescue_firmware_2019\EWARM\Rescue_firmware_2019\Obj\tasks.o
#        C:\stm_file\Rescue_firmware_2019\EWARM\Rescue_firmware_2019\Obj\timers.o
#        --redirect _Printf=_PrintfFull --redirect _Scanf=_ScanfFull -o
#        C:\stm_file\Rescue_firmware_2019\EWARM\Rescue_firmware_2019\Exe\Rescue_firmware_2019.out
#        --map
#        C:\stm_file\Rescue_firmware_2019\EWARM\Rescue_firmware_2019\List\Rescue_firmware_2019.map
#        --config C:\stm_file\Rescue_firmware_2019\EWARM/stm32f446xx_flash.icf
#        --semihosting --entry __iar_program_start --vfe --text_out locale)
#
###############################################################################

*******************************************************************************
*** RUNTIME MODEL ATTRIBUTES
***

CppFlavor       = *
__SystemLibrary = DLib
__dlib_version  = 6


*******************************************************************************
*** HEAP SELECTION
***

The basic heap was selected because no calls to memory allocation
functions were found in the application outside of system library
functions, and there are calls to deallocation functions in the
application.


*******************************************************************************
*** PLACEMENT SUMMARY
***

"A0":  place at 0x08000000 { ro section .intvec };
"P1":  place in [from 0x08000000 to 0x0807ffff] { ro };
define block CSTACK with size = 1K, alignment = 8 { };
define block HEAP with size = 512, alignment = 8 { };
"P2":  place in [from 0x20000000 to 0x2001ffff] {
          rw, block CSTACK, block HEAP };
initialize by copy { rw };

  Section            Kind        Address    Size  Object
  -------            ----        -------    ----  ------
"A0":                                      0x1c4
  .intvec            ro code  0x08000000   0x1c4  startup_stm32f446xx.o [1]
                            - 0x080001c4   0x1c4

"P1":                                     0x4a9c
  .text              ro code  0x080001c4  0x12c0  main.o [1]
  .text              ro code  0x08001484    0xe2  DblSub.o [4]
  .text              ro code  0x08001568   0x178  DblAdd.o [4]
  .text              ro code  0x080016e0    0x20  DblCmpEq.o [4]
  .text              ro code  0x08001700    0x22  S32ToDbl.o [4]
  .text              ro code  0x08001724   0x1a2  DblMul.o [4]
  .text              ro code  0x080018c8   0x246  DblDiv.o [4]
  .text              ro code  0x08001b10    0x2e  DblCmpLe.o [4]
  .text              ro code  0x08001b40    0x34  stm32f4xx_hal.o [1]
  .text              ro code  0x08001b74    0xc8  stm32f4xx_hal_cortex.o [1]
  .text              ro code  0x08001c3c   0x38e  stm32f4xx_hal_spi.o [1]
  .text              ro code  0x08001fcc   0x610  stm32f4xx_hal_tim.o [1]
  .text              ro code  0x080025dc   0x116  stm32f4xx_hal_tim_ex.o [1]
  .text              ro code  0x080026f4     0x6  ABImemclr4.o [5]
  .text              ro code  0x080026fc   0x4b2  stm32f4xx_hal_uart.o [1]
  .text              ro code  0x08002bb0   0x1ec  stm32f4xx_hal_gpio.o [1]
  .text              ro code  0x08002d9c    0x86  ABImemcpy.o [5]
  .text              ro code  0x08002e24    0x66  cmsis_os.o [1]
  .text              ro code  0x08002e8c   0x380  stm32f4xx_hal_rcc_ex.o [1]
  .text              ro code  0x0800320c    0x78  stm32f4xx_hal_pwr_ex.o [1]
  .text              ro code  0x08003284   0x148  stm32f4xx_hal_rcc.o [1]
  .text              ro code  0x080033cc   0x45c  stm32f4xx_hal_msp.o [1]
  .text              ro code  0x08003828    0x3a  DblToS32.o [4]
  .text              ro code  0x08003864    0x40  stm32f4xx_hal.o [1]
  .text              ro code  0x080038a4   0x374  stm32f4xx_hal_dma.o [1]
  .text              ro code  0x08003c18     0x2  stm32f4xx_hal_spi.o [1]
  .text              ro code  0x08003c1c     0xc  stm32f4xx_hal.o [1]
  .text              ro code  0x08003c28     0x2  stm32f4xx_hal_spi.o [1]
  .text              ro code  0x08003c2a     0x2  stm32f4xx_hal_spi.o [1]
  .text              ro code  0x08003c2c     0x2  stm32f4xx_hal_spi.o [1]
  .text              ro code  0x08003c2e     0x2  stm32f4xx_hal_tim.o [1]
  .text              ro code  0x08003c30     0x2  stm32f4xx_hal_tim.o [1]
  .text              ro code  0x08003c32     0x2  stm32f4xx_hal_tim_ex.o [1]
  .text              ro code  0x08003c34     0x2  stm32f4xx_hal_tim.o [1]
  .text              ro code  0x08003c36     0x2  stm32f4xx_hal_tim_ex.o [1]
  .text              ro code  0x08003c38     0x2  stm32f4xx_hal_tim.o [1]
  .text              ro code  0x08003c3c    0x32  ABImemset48.o [5]
  .text              ro code  0x08003c6e     0x2  stm32f4xx_hal_uart.o [1]
  .text              ro code  0x08003c70   0x530  tasks.o [1]
  .text              ro code  0x080041a0   0x1b8  port.o [1]
  .text              ro code  0x08004358   0x22e  I64DivMod.o [5]
  .text              ro code  0x08004588   0x1b4  heap_4.o [1]
  .text              ro code  0x0800473c    0x90  list.o [1]
  CODE               ro code  0x080047cc    0xb0  portasm.o [1]
  .text              ro code  0x0800487c     0x2  I64DivZer.o [5]
  .text              ro code  0x08004880    0x74  stm32f4xx_it.o [1]
  .text              ro code  0x080048f4    0x10  stm32f4xx_hal.o [1]
  .text              ro code  0x08004904    0x60  system_stm32f4xx.o [1]
  .text              ro code  0x08004964    0x40  zero_init3.o [5]
  .text              ro code  0x080049a4    0x38  packbits_init_single.o [5]
  .text              ro code  0x080049dc    0x28  data_init.o [5]
  .text              ro code  0x08004a04    0x22  fpinit_M.o [4]
  .iar.init_table    const    0x08004a28    0x20  - Linker created -
  .text              ro code  0x08004a48    0x1e  cmain.o [5]
  .text              ro code  0x08004a66     0x4  low_level_init.o [3]
  .text              ro code  0x08004a6a     0x4  exit.o [3]
  .text              ro code  0x08004a70     0xa  cexit.o [5]
  .text              ro code  0x08004a7c    0x14  exit.o [6]
  .text              ro code  0x08004a90    0x10  startup_stm32f446xx.o [1]
  .rodata            const    0x08004aa0     0xc  main.o [1]
  .text              ro code  0x08004aac     0xc  cstartup_M.o [5]
  .rodata            const    0x08004ab8     0x8  system_stm32f4xx.o [1]
  .text              ro code  0x08004ac0     0x4  startup_stm32f446xx.o [1]
  .text              ro code  0x08004ac4     0x4  startup_stm32f446xx.o [1]
  .text              ro code  0x08004ac8     0x4  startup_stm32f446xx.o [1]
  .text              ro code  0x08004acc     0x4  startup_stm32f446xx.o [1]
  .text              ro code  0x08004ad0     0x4  startup_stm32f446xx.o [1]
  .text              ro code  0x08004ad4     0x4  startup_stm32f446xx.o [1]
  .text              ro code  0x08004ad8     0x4  startup_stm32f446xx.o [1]
  .text              ro code  0x08004adc     0x4  startup_stm32f446xx.o [1]
  .text              ro code  0x08004ae0     0x4  startup_stm32f446xx.o [1]
  .text              ro code  0x08004ae4     0x4  startup_stm32f446xx.o [1]
  .text              ro code  0x08004ae8     0x4  startup_stm32f446xx.o [1]
  .text              ro code  0x08004aec     0x4  startup_stm32f446xx.o [1]
  .text              ro code  0x08004af0     0x4  startup_stm32f446xx.o [1]
  .text              ro code  0x08004af4     0x4  startup_stm32f446xx.o [1]
  .text              ro code  0x08004af8     0x4  startup_stm32f446xx.o [1]
  .text              ro code  0x08004afc     0x4  startup_stm32f446xx.o [1]
  .text              ro code  0x08004b00     0x4  startup_stm32f446xx.o [1]
  .text              ro code  0x08004b04     0x4  startup_stm32f446xx.o [1]
  .text              ro code  0x08004b08     0x4  startup_stm32f446xx.o [1]
  .text              ro code  0x08004b0c     0x4  startup_stm32f446xx.o [1]
  .text              ro code  0x08004b10     0x4  startup_stm32f446xx.o [1]
  .text              ro code  0x08004b14     0x4  startup_stm32f446xx.o [1]
  .text              ro code  0x08004b18     0x4  startup_stm32f446xx.o [1]
  .text              ro code  0x08004b1c     0x4  startup_stm32f446xx.o [1]
  .text              ro code  0x08004b20     0x4  startup_stm32f446xx.o [1]
  .text              ro code  0x08004b24     0x4  startup_stm32f446xx.o [1]
  .text              ro code  0x08004b28     0x4  startup_stm32f446xx.o [1]
  .text              ro code  0x08004b2c     0x4  startup_stm32f446xx.o [1]
  .text              ro code  0x08004b30     0x4  startup_stm32f446xx.o [1]
  .text              ro code  0x08004b34     0x4  startup_stm32f446xx.o [1]
  .text              ro code  0x08004b38     0x4  startup_stm32f446xx.o [1]
  .text              ro code  0x08004b3c     0x4  startup_stm32f446xx.o [1]
  .text              ro code  0x08004b40     0x4  startup_stm32f446xx.o [1]
  .text              ro code  0x08004b44     0x4  startup_stm32f446xx.o [1]
  .text              ro code  0x08004b48     0x4  startup_stm32f446xx.o [1]
  .text              ro code  0x08004b4c     0x4  startup_stm32f446xx.o [1]
  .text              ro code  0x08004b50     0x4  startup_stm32f446xx.o [1]
  .text              ro code  0x08004b54     0x4  startup_stm32f446xx.o [1]
  .text              ro code  0x08004b58     0x4  startup_stm32f446xx.o [1]
  .text              ro code  0x08004b5c     0x4  startup_stm32f446xx.o [1]
  .text              ro code  0x08004b60     0x4  startup_stm32f446xx.o [1]
  .text              ro code  0x08004b64     0x4  startup_stm32f446xx.o [1]
  .text              ro code  0x08004b68     0x4  startup_stm32f446xx.o [1]
  .text              ro code  0x08004b6c     0x4  startup_stm32f446xx.o [1]
  .text              ro code  0x08004b70     0x4  startup_stm32f446xx.o [1]
  .text              ro code  0x08004b74     0x4  startup_stm32f446xx.o [1]
  .text              ro code  0x08004b78     0x4  startup_stm32f446xx.o [1]
  .text              ro code  0x08004b7c     0x4  startup_stm32f446xx.o [1]
  .text              ro code  0x08004b80     0x4  startup_stm32f446xx.o [1]
  .text              ro code  0x08004b84     0x4  startup_stm32f446xx.o [1]
  .text              ro code  0x08004b88     0x4  startup_stm32f446xx.o [1]
  .text              ro code  0x08004b8c     0x4  startup_stm32f446xx.o [1]
  .text              ro code  0x08004b90     0x4  startup_stm32f446xx.o [1]
  .text              ro code  0x08004b94     0x4  startup_stm32f446xx.o [1]
  .text              ro code  0x08004b98     0x4  startup_stm32f446xx.o [1]
  .text              ro code  0x08004b9c     0x4  startup_stm32f446xx.o [1]
  .text              ro code  0x08004ba0     0x4  startup_stm32f446xx.o [1]
  .text              ro code  0x08004ba4     0x4  startup_stm32f446xx.o [1]
  .text              ro code  0x08004ba8     0x4  startup_stm32f446xx.o [1]
  .text              ro code  0x08004bac     0x4  startup_stm32f446xx.o [1]
  .text              ro code  0x08004bb0     0x4  startup_stm32f446xx.o [1]
  .text              ro code  0x08004bb4     0x4  startup_stm32f446xx.o [1]
  .text              ro code  0x08004bb8     0x4  startup_stm32f446xx.o [1]
  .text              ro code  0x08004bbc     0x4  startup_stm32f446xx.o [1]
  .text              ro code  0x08004bc0     0x4  startup_stm32f446xx.o [1]
  .text              ro code  0x08004bc4     0x4  startup_stm32f446xx.o [1]
  .text              ro code  0x08004bc8     0x4  startup_stm32f446xx.o [1]
  .text              ro code  0x08004bcc     0x4  startup_stm32f446xx.o [1]
  .text              ro code  0x08004bd0     0x4  startup_stm32f446xx.o [1]
  .text              ro code  0x08004bd4     0x4  startup_stm32f446xx.o [1]
  .text              ro code  0x08004bd8     0x4  startup_stm32f446xx.o [1]
  .text              ro code  0x08004bdc     0x4  startup_stm32f446xx.o [1]
  .text              ro code  0x08004be0     0x4  startup_stm32f446xx.o [1]
  .text              ro code  0x08004be4     0x4  startup_stm32f446xx.o [1]
  .text              ro code  0x08004be8     0x4  startup_stm32f446xx.o [1]
  .text              ro code  0x08004bec     0x4  startup_stm32f446xx.o [1]
  .text              ro code  0x08004bf0     0x4  startup_stm32f446xx.o [1]
  .text              ro code  0x08004bf4     0x4  startup_stm32f446xx.o [1]
  .text              ro code  0x08004bf8     0x4  startup_stm32f446xx.o [1]
  .text              ro code  0x08004bfc     0x4  startup_stm32f446xx.o [1]
  .rodata            const    0x08004c00     0x0  zero_init3.o [5]
  .rodata            const    0x08004c00     0x0  packbits_init_single.o [5]
  Initializer bytes  const    0x08004c00    0x60  <for P2-1>
                            - 0x08004c60  0x4a9c

"P2", part 1 of 3:                         0x20c
  P2-1                        0x20000000   0x20c  <Init block>
    .data            inited   0x20000000    0x68  main.o [1]
    .data            inited   0x20000068    0x80  main.o [1]
    .data            inited   0x200000e8    0x70  main.o [1]
    .data            inited   0x20000158    0x98  main.o [1]
    .data            inited   0x200001f0     0xc  port.o [1]
    .data            inited   0x200001fc     0xc  stm32f4xx_hal.o [1]
    .data            inited   0x20000208     0x4  system_stm32f4xx.o [1]
                            - 0x2000020c   0x20c

"P2", part 2 of 3:                        0x43e0
  .bss               zero     0x2000020c  0x3c18  heap_4.o [1]
  .bss               zero     0x20003e28   0x270  main.o [1]
  .bss               zero     0x20004098   0x1c4  main.o [1]
  .bss               zero     0x2000425c    0xa0  tasks.o [1]
  .bss               zero     0x200042fc    0x8c  tasks.o [1]
  .bss               zero     0x20004388    0x78  main.o [1]
  .bss               zero     0x20004400    0x60  main.o [1]
  .bss               zero     0x20004460    0x60  main.o [1]
  .bss               zero     0x200044c0    0x60  main.o [1]
  .bss               zero     0x20004520    0x5c  main.o [1]
  .bss               zero     0x2000457c    0x40  main.o [1]
  .bss               zero     0x200045bc    0x30  main.o [1]
                            - 0x200045ec  0x43e0

"P2", part 3 of 3:                         0x400
  CSTACK                      0x200045f0   0x400  <Block>
    CSTACK           uninit   0x200045f0   0x400  <Block tail>
                            - 0x200049f0   0x400


*******************************************************************************
*** INIT TABLE
***

          Address     Size
          -------     ----
Zero (__iar_zero_init3)
    1 destination range, total size 0x43e0:
          0x2000020c  0x43e0

Copy/packbits (__iar_packbits_init_single3)
    1 source range, total size 0x60 (18% of destination):
          0x08004c00    0x60
    1 destination range, total size 0x20c:
          0x20000000   0x20c



*******************************************************************************
*** MODULE SUMMARY
***

    Module                  ro code  ro data  rw data
    ------                  -------  -------  -------
C:\stm_file\Rescue_firmware_2019\EWARM\Rescue_firmware_2019\Obj: [1]
    cmsis_os.o                  102
    heap_4.o                    436            15 384
    list.o                      144
    main.o                    4 800      102    2 184
    port.o                      440        3       12
    portasm.o                   176
    startup_stm32f446xx.o       788
    stm32f4xx_hal.o             144        2       12
    stm32f4xx_hal_cortex.o      200
    stm32f4xx_hal_dma.o         884
    stm32f4xx_hal_gpio.o        492
    stm32f4xx_hal_msp.o       1 116
    stm32f4xx_hal_pwr_ex.o      120
    stm32f4xx_hal_rcc.o         328
    stm32f4xx_hal_rcc_ex.o      896
    stm32f4xx_hal_spi.o         918
    stm32f4xx_hal_tim.o       1 560
    stm32f4xx_hal_tim_ex.o      282
    stm32f4xx_hal_uart.o      1 204
    stm32f4xx_it.o              116
    system_stm32f4xx.o           96        9        4
    tasks.o                   1 328               300
    -------------------------------------------------
    Total:                   16 570      116   17 896

command line: [2]
    -------------------------------------------------
    Total:

dl7M_tlf.a: [3]
    exit.o                        4
    low_level_init.o              4
    -------------------------------------------------
    Total:                        8

m7M_tls.a: [4]
    DblAdd.o                    376
    DblCmpEq.o                   32
    DblCmpLe.o                   46
    DblDiv.o                    582
    DblMul.o                    418
    DblSub.o                    226
    DblToS32.o                   58
    S32ToDbl.o                   34
    fpinit_M.o                   34
    -------------------------------------------------
    Total:                    1 806

rt7M_tl.a: [5]
    ABImemclr4.o                  6
    ABImemcpy.o                 134
    ABImemset48.o                50
    I64DivMod.o                 558
    I64DivZer.o                   2
    cexit.o                      10
    cmain.o                      30
    cstartup_M.o                 12
    data_init.o                  40
    packbits_init_single.o       56
    zero_init3.o                 64
    -------------------------------------------------
    Total:                      962

shb_l.a: [6]
    exit.o                       20
    -------------------------------------------------
    Total:                       20

    Gaps                         36        2        4
    Linker created                        32    1 024
-----------------------------------------------------
    Grand Total:             19 402      150   18 924


*******************************************************************************
*** ENTRY LIST
***

Entry                      Address    Size  Type      Object
-----                      -------    ----  ----      ------
.iar.init_table$$Base   0x08004a28           --   Gb  - Linker created -
.iar.init_table$$Limit  0x08004a48           --   Gb  - Linker created -
?main                   0x08004a49          Code  Gb  cmain.o [5]
AHBPrescTable           0x08004954    0x10  Data  Gb  system_stm32f4xx.o [1]
APBPrescTable           0x08004ab8     0x8  Data  Gb  system_stm32f4xx.o [1]
BusFault_Handler        0x08004887     0x2  Code  Gb  stm32f4xx_it.o [1]
Buzz_Lightyear          0x08000cf1    0x46  Code  Gb  main.o [1]
CSTACK$$Base            0x200045f0           --   Gb  - Linker created -
CSTACK$$Limit           0x200049f0           --   Gb  - Linker created -
DMA1_Stream3_IRQHandler
                        0x0800489b     0x6  Code  Gb  stm32f4xx_it.o [1]
DMA1_Stream4_IRQHandler
                        0x080048a1     0x6  Code  Gb  stm32f4xx_it.o [1]
DMA_CalcBaseAndBitshift
                        0x08003be9    0x28  Code  Lc  stm32f4xx_hal_dma.o [1]
DMA_CalcBaseAndBitshift::flagBitshiftOffset
                        0x08003c10     0x8  Data  Lc  stm32f4xx_hal_dma.o [1]
DMA_SetConfig           0x08003bc9    0x20  Code  Lc  stm32f4xx_hal_dma.o [1]
DebugMon_Handler        0x0800488b     0x2  Code  Gb  stm32f4xx_it.o [1]
Default                 0x080013e4    0x70  Data  Gb  main.o [1]
ENC_HEX                 0x08001454    0x30  Data  Gb  main.o [1]
Enc_Clk_ClrVal          0x08000d37    0x16  Code  Gb  main.o [1]
Enc_Clk_SetVal          0x08000d55    0x14  Code  Gb  main.o [1]
Encoder_Cnt             0x200044c0    0x10  Data  Gb  main.o [1]
Error_Handler           0x080013db     0x2  Code  Gb  main.o [1]
HAL_DMA_Abort_IT        0x080039f5    0x24  Code  Gb  stm32f4xx_hal_dma.o [1]
HAL_DMA_IRQHandler      0x08003a19   0x188  Code  Gb  stm32f4xx_hal_dma.o [1]
HAL_DMA_Init            0x080038a5    0xe6  Code  Gb  stm32f4xx_hal_dma.o [1]
HAL_DMA_Start_IT        0x0800398b    0x6a  Code  Gb  stm32f4xx_hal_dma.o [1]
HAL_GPIO_Init           0x08002bb1   0x1a8  Code  Gb  stm32f4xx_hal_gpio.o [1]
HAL_GPIO_ReadPin        0x08002d59     0xc  Code  Gb  stm32f4xx_hal_gpio.o [1]
HAL_GPIO_WritePin       0x08002d65     0x8  Code  Gb  stm32f4xx_hal_gpio.o [1]
HAL_GetTick             0x08003c1d     0xc  Code  Wk  stm32f4xx_hal.o [1]
HAL_IncTick             0x080048f5    0x10  Code  Wk  stm32f4xx_hal.o [1]
HAL_Init                0x08001b41    0x30  Code  Gb  stm32f4xx_hal.o [1]
HAL_InitTick            0x08003865    0x40  Code  Wk  stm32f4xx_hal.o [1]
HAL_MspInit             0x080033cd    0x3e  Code  Gb  stm32f4xx_hal_msp.o [1]
HAL_NVIC_EnableIRQ      0x08001be7    0x16  Code  Gb  stm32f4xx_hal_cortex.o [1]
HAL_NVIC_SetPriority    0x08001bad    0x3a  Code  Gb  stm32f4xx_hal_cortex.o [1]
HAL_NVIC_SetPriorityGrouping
                        0x08001b93    0x1a  Code  Gb  stm32f4xx_hal_cortex.o [1]
HAL_PWREx_EnableOverDrive
                        0x0800320d    0x48  Code  Gb  stm32f4xx_hal_pwr_ex.o [1]
HAL_RCC_ClockConfig     0x08003285    0xfe  Code  Gb  stm32f4xx_hal_rcc.o [1]
HAL_RCC_GetPCLK1Freq    0x0800338f    0x10  Code  Gb  stm32f4xx_hal_rcc.o [1]
HAL_RCC_GetPCLK2Freq    0x0800339f     0xe  Code  Gb  stm32f4xx_hal_rcc.o [1]
HAL_RCC_GetSysClockFreq
                        0x08002e99    0x42  Code  Gb  stm32f4xx_hal_rcc_ex.o [1]
HAL_RCC_OscConfig       0x08002ef3   0x2f0  Code  Gb  stm32f4xx_hal_rcc_ex.o [1]
HAL_SPI_GetState        0x08001dd9     0x6  Code  Gb  stm32f4xx_hal_spi.o [1]
HAL_SPI_Init            0x08001c3d    0x78  Code  Gb  stm32f4xx_hal_spi.o [1]
HAL_SPI_MspInit         0x0800340b    0x9c  Code  Gb  stm32f4xx_hal_msp.o [1]
HAL_SPI_TransmitReceive_DMA
                        0x08001cc3    0x9c  Code  Gb  stm32f4xx_hal_spi.o [1]
HAL_SPI_TxRxCpltCallback
                        0x080010f1    0x1e  Code  Gb  main.o [1]
HAL_SYSTICK_Config      0x08001bfd    0x28  Code  Gb  stm32f4xx_hal_cortex.o [1]
HAL_TIMEx_BreakCallback
                        0x08003c33     0x2  Code  Wk  stm32f4xx_hal_tim_ex.o [1]
HAL_TIMEx_CommutCallback
                        0x08003c37     0x2  Code  Wk  stm32f4xx_hal_tim_ex.o [1]
HAL_TIMEx_ConfigBreakDeadTime
                        0x08002683    0x54  Code  Gb  stm32f4xx_hal_tim_ex.o [1]
HAL_TIMEx_MasterConfigSynchronization
                        0x08002645    0x3e  Code  Gb  stm32f4xx_hal_tim_ex.o [1]
HAL_TIMEx_PWMN_Start    0x080025dd     0xa  Code  Gb  stm32f4xx_hal_tim_ex.o [1]
HAL_TIM_Base_Init       0x08001fcd    0x1a  Code  Gb  stm32f4xx_hal_tim.o [1]
HAL_TIM_Base_MspInit    0x0800364b    0x8c  Code  Gb  stm32f4xx_hal_msp.o [1]
HAL_TIM_Base_Start_IT   0x08001fe7    0x20  Code  Gb  stm32f4xx_hal_tim.o [1]
HAL_TIM_Encoder_Init    0x0800209d    0x8a  Code  Gb  stm32f4xx_hal_tim.o [1]
HAL_TIM_Encoder_MspInit
                        0x08003501   0x114  Code  Gb  stm32f4xx_hal_msp.o [1]
HAL_TIM_Encoder_Start   0x08002131    0x1e  Code  Gb  stm32f4xx_hal_tim.o [1]
HAL_TIM_IRQHandler      0x08002163   0x142  Code  Gb  stm32f4xx_hal_tim.o [1]
HAL_TIM_MspPostInit     0x080036d7    0x42  Code  Gb  stm32f4xx_hal_msp.o [1]
HAL_TIM_PWM_ConfigChannel
                        0x080022ab    0xc0  Code  Gb  stm32f4xx_hal_tim.o [1]
HAL_TIM_PWM_Init        0x0800203b    0x1a  Code  Gb  stm32f4xx_hal_tim.o [1]
HAL_TIM_PWM_MspInit     0x080034b5    0x4c  Code  Gb  stm32f4xx_hal_msp.o [1]
HAL_TIM_PWM_Start       0x08002055    0x14  Code  Gb  stm32f4xx_hal_tim.o [1]
HAL_TIM_PeriodElapsedCallback
                        0x08000ecf   0x1f8  Code  Gb  main.o [1]
HAL_UART_IRQHandler     0x0800281b   0x152  Code  Gb  stm32f4xx_hal_uart.o [1]
HAL_UART_Init           0x080026fd    0x1e  Code  Gb  stm32f4xx_hal_uart.o [1]
HAL_UART_MspInit        0x0800372f    0x80  Code  Gb  stm32f4xx_hal_msp.o [1]
HAL_UART_Receive_IT     0x080027b5    0x54  Code  Gb  stm32f4xx_hal_uart.o [1]
HAL_UART_RxCpltCallback
                        0x080009cb    0x8e  Code  Gb  main.o [1]
HAL_UART_Transmit_IT    0x08002775    0x40  Code  Gb  stm32f4xx_hal_uart.o [1]
HAL_UART_TxCpltCallback
                        0x08000a59    0x44  Code  Gb  main.o [1]
HardFault_Handler       0x08004883     0x2  Code  Gb  stm32f4xx_it.o [1]
LED_B                   0x20000005     0x1  Data  Gb  main.o [1]
LED_G                   0x20000004     0x1  Data  Gb  main.o [1]
LED_R                   0x20000003     0x1  Data  Gb  main.o [1]
MX_GPIO_Init            0x080008e1    0xda  Code  Lc  main.o [1]
MX_TIM1_Init            0x0800082f    0xa0  Code  Lc  main.o [1]
MemManage_Handler       0x08004885     0x2  Code  Gb  stm32f4xx_it.o [1]
NMI_Handler             0x08004881     0x2  Code  Gb  stm32f4xx_it.o [1]
PID_Control             0x08000249   0x100  Code  Gb  main.o [1]
PID_Control_Long_Initialize
                        0x080001c5    0x72  Code  Gb  main.o [1]
PWM                     0x2000000c    0x10  Data  Gb  main.o [1]
PendSV_Handler          0x080047cd          Code  Gb  portasm.o [1]
RPM                     0x2000450c     0x4  Data  Gb  main.o [1]
Region$$Table$$Base     0x08004a28           --   Gb  - Linker created -
Region$$Table$$Limit    0x08004a48           --   Gb  - Linker created -
SPI_DMAError            0x08001e95    0x1e  Code  Lc  stm32f4xx_hal_spi.o [1]
SPI_DMAHalfReceiveCplt  0x08001e85     0x6  Code  Lc  stm32f4xx_hal_spi.o [1]
SPI_DMAHalfTransmitReceiveCplt
                        0x08001e8d     0x6  Code  Lc  stm32f4xx_hal_spi.o [1]
SPI_DMAReceiveCplt      0x08001de1    0x2c  Code  Lc  stm32f4xx_hal_spi.o [1]
SPI_DMATransmitReceiveCplt
                        0x08001e41    0x2c  Code  Lc  stm32f4xx_hal_spi.o [1]
SPI_EndRxTransaction    0x08001f59    0x38  Code  Lc  stm32f4xx_hal_spi.o [1]
SPI_EndRxTxTransaction  0x08001f91    0x16  Code  Lc  stm32f4xx_hal_spi.o [1]
SPI_WaitFlagStateUntilTimeout
                        0x08001ec3    0x8a  Code  Lc  stm32f4xx_hal_spi.o [1]
SVC_Handler             0x08004825          Code  Gb  portasm.o [1]
StartDefaultTask        0x08001129   0x1e8  Code  Gb  main.o [1]
SysTick_Handler         0x0800488d     0xe  Code  Gb  stm32f4xx_it.o [1]
SystemClock_Config      0x08000795    0x9a  Code  Gb  main.o [1]
SystemCoreClock         0x20000208     0x4  Data  Gb  system_stm32f4xx.o [1]
SystemInit              0x08004905    0x3a  Code  Gb  system_stm32f4xx.o [1]
TIM1_TRG_COM_TIM11_IRQHandler
                        0x080048b9    0x12  Code  Gb  stm32f4xx_it.o [1]
TIM1_UP_TIM10_IRQHandler
                        0x080048a7    0x12  Code  Gb  stm32f4xx_it.o [1]
TIM6_DAC_IRQHandler     0x080048d1     0x6  Code  Gb  stm32f4xx_it.o [1]
TIM_Base_SetConfig      0x080023a1    0x96  Code  Gb  stm32f4xx_hal_tim.o [1]
TIM_CCxChannelCmd       0x080025c1    0x16  Code  Gb  stm32f4xx_hal_tim.o [1]
TIM_CCxNChannelCmd      0x080026d7    0x1c  Code  Lc  stm32f4xx_hal_tim_ex.o [1]
TIM_OC1_SetConfig       0x08002437    0x52  Code  Lc  stm32f4xx_hal_tim.o [1]
TIM_OC2_SetConfig       0x08002489    0x60  Code  Gb  stm32f4xx_hal_tim.o [1]
TIM_OC3_SetConfig       0x080024e9    0x58  Code  Lc  stm32f4xx_hal_tim.o [1]
TIM_OC4_SetConfig       0x0800254d    0x46  Code  Lc  stm32f4xx_hal_tim.o [1]
Target                  0x20000038     0x8  Data  Gb  main.o [1]
UART_DMAAbortOnError    0x08002989     0xc  Code  Lc  stm32f4xx_hal_uart.o [1]
UART_EndRxTransfer      0x0800296d    0x1c  Code  Lc  stm32f4xx_hal_uart.o [1]
UART_Receive_IT         0x08002995    0x96  Code  Lc  stm32f4xx_hal_uart.o [1]
UART_SetConfig          0x08002a2b   0x13a  Code  Lc  stm32f4xx_hal_uart.o [1]
USART3_IRQHandler       0x080048cb     0x6  Code  Gb  stm32f4xx_it.o [1]
UsageFault_Handler      0x08004889     0x2  Code  Gb  stm32f4xx_it.o [1]
__NVIC_SetPriority      0x08001b75    0x1e  Code  Lc  stm32f4xx_hal_cortex.o [1]
__aeabi_cdcmpeq         0x080016e1          Code  Gb  DblCmpEq.o [4]
__aeabi_cdcmple         0x08001b11          Code  Gb  DblCmpLe.o [4]
__aeabi_d2iz            0x08003829          Code  Gb  DblToS32.o [4]
__aeabi_dadd            0x08001569          Code  Gb  DblAdd.o [4]
__aeabi_ddiv            0x080018c9          Code  Gb  DblDiv.o [4]
__aeabi_dmul            0x08001725          Code  Gb  DblMul.o [4]
__aeabi_dsub            0x08001485          Code  Gb  DblSub.o [4]
__aeabi_i2d             0x08001701          Code  Gb  S32ToDbl.o [4]
__aeabi_ldiv0           0x0800487d          Code  Gb  I64DivZer.o [5]
__aeabi_memclr4         0x080026f5          Code  Gb  ABImemclr4.o [5]
__aeabi_memcpy4         0x08002d9d          Code  Gb  ABImemcpy.o [5]
__aeabi_memcpy8         0x08002d9d          Code  Gb  ABImemcpy.o [5]
__aeabi_uldivmod        0x08004359          Code  Gb  I64DivMod.o [5]
__cmain                 0x08004a49          Code  Gb  cmain.o [5]
__exit                  0x08004a7d    0x14  Code  Gb  exit.o [6]
__iar_Memset4_word      0x08003c3d          Code  Gb  ABImemset48.o [5]
__iar_Memset8_word      0x08003c3d          Code  Gb  ABImemset48.o [5]
__iar_dadd              0x08001495          Code  Gb  DblSub.o [4]
__iar_data_init3        0x080049dd    0x28  Code  Gb  data_init.o [5]
__iar_dsub              0x08001579          Code  Gb  DblAdd.o [4]
__iar_dsubStart         0x0800158b          Code  Gb  DblAdd.o [4]
__iar_init_vfp          0x08004a05          Code  Gb  fpinit_M.o [4]
__iar_packbits_init_single3
                        0x080049a5    0x38  Code  Gb  packbits_init_single.o [5]
__iar_program_start     0x08004aad          Code  Gb  cstartup_M.o [5]
__iar_systems$$module {Abs}
                        0x00000001          Data  Gb  command line/config [2]
__iar_zero_init3        0x08004965    0x40  Code  Gb  zero_init3.o [5]
__low_level_init        0x08004a67     0x4  Code  Gb  low_level_init.o [3]
__vector_table          0x08000000          Data  Gb  startup_stm32f446xx.o [1]
_call_main              0x08004a55          Code  Gb  cmain.o [5]
_exit                   0x08004a71          Code  Gb  cexit.o [5]
_main                   0x08004a63          Code  Gb  cmain.o [5]
a                       0x20000001     0x1  Data  Gb  main.o [1]
adc_buff                0x200000cc    0x10  Data  Gb  main.o [1]
b                       0x200045dc     0x4  Data  Gb  main.o [1]
b_flipper_deg           0x200001a4    0x48  Data  Gb  main.o [1]
booster                 0x20000064     0x4  Data  Gb  main.o [1]
buff_size               0x2000438c     0x4  Data  Gb  main.o [1]
button                  0x20000007     0x1  Data  Gb  main.o [1]
check_buff              0x20004390    0x70  Data  Gb  main.o [1]
check_sum               0x20004388     0x1  Data  Gb  main.o [1]
cnt_1ms                 0x200045d8     0x4  Data  Gb  main.o [1]
control_bangkook        0x08000cc3    0x2e  Code  Gb  main.o [1]
defaultTaskHandle       0x20004258     0x4  Data  Gb  main.o [1]
driving_mode            0x08000b57   0x164  Code  Gb  main.o [1]
encCnt                  0x200045e4     0x4  Data  Gb  main.o [1]
encDataTemp             0x200045c8     0x8  Data  Gb  main.o [1]
encDelayCnt             0x200045e8     0x4  Data  Gb  main.o [1]
encNowData              0x200045d0     0x8  Data  Gb  main.o [1]
encReadData             0x200045bc     0x2  Data  Gb  main.o [1]
encResetCnt             0x200045c0     0x8  Data  Gb  main.o [1]
encStep                 0x200045e0     0x4  Data  Gb  main.o [1]
enc_cnt                 0x200001ec     0x4  Data  Gb  main.o [1]
escape                  0x08000a9d    0x36  Code  Gb  main.o [1]
escapeCnt               0x200000e0     0x4  Data  Gb  main.o [1]
exit                    0x08004a6b     0x4  Code  Gb  exit.o [3]
flipper_deg             0x20000024     0x8  Data  Gb  main.o [1]
hdma_spi2_rx            0x20004400    0x60  Data  Gb  main.o [1]
hdma_spi2_tx            0x20004460    0x60  Data  Gb  main.o [1]
hspi2                   0x20004520    0x58  Data  Gb  main.o [1]
htim1                   0x2000457c    0x40  Data  Gb  main.o [1]
htim10                  0x200041d8    0x40  Data  Gb  main.o [1]
htim11                  0x20004218    0x40  Data  Gb  main.o [1]
htim2                   0x20004098    0x40  Data  Gb  main.o [1]
htim3                   0x200040d8    0x40  Data  Gb  main.o [1]
htim4                   0x20004118    0x40  Data  Gb  main.o [1]
htim5                   0x20004158    0x40  Data  Gb  main.o [1]
htim6                   0x20004198    0x40  Data  Gb  main.o [1]
huart3                  0x2000008c    0x40  Data  Gb  main.o [1]
ing_flipper_deg         0x2000015c    0x48  Data  Gb  main.o [1]
init_position           0x08000ad5    0x82  Code  Gb  main.o [1]
j_booster               0x20000030     0x8  Data  Gb  main.o [1]
l_Angle                 0x20004518     0x4  Data  Gb  main.o [1]
l_BLDC                  0x20003e28   0x138  Data  Gb  main.o [1]
l_EncoderSum            0x20000040     0x8  Data  Gb  main.o [1]
l_Input                 0x200044d0    0x18  Data  Gb  main.o [1]
l_TargetAngle           0x20000050     0x8  Data  Gb  main.o [1]
l_buff                  0x20004510     0x4  Data  Gb  main.o [1]
l_now_RPM               0x20004504     0x4  Data  Gb  main.o [1]
main                    0x08000369   0x3b6  Code  Gb  main.o [1]
makeFreeRtosPriority    0x08002e25     0xc  Code  Lc  cmsis_os.o [1]
master_buffer_rx        0x200000e4     0x4  Data  Gb  main.o [1]
master_buffer_tx        0x20000084     0x4  Data  Gb  main.o [1]
medianFilterEnc         0x08000d79    0xc2  Code  Gb  main.o [1]
osDelay                 0x08002e69     0xe  Code  Gb  cmsis_os.o [1]
osKernelStart           0x08002e31     0xa  Code  Gb  cmsis_os.o [1]
osSystickHandler        0x08002e77    0x14  Code  Gb  cmsis_os.o [1]
osThreadCreate          0x08002e3b    0x2e  Code  Gb  cmsis_os.o [1]
potentiometer_processing
                        0x08000e65    0x30  Code  Gb  main.o [1]
pre_button_data         0x20000008     0x1  Data  Gb  main.o [1]
prvAddCurrentTaskToDelayedList
                        0x08004125    0x5e  Code  Lc  tasks.o [1]
prvAddNewTaskToReadyList
                        0x08003d41    0x9e  Code  Lc  tasks.o [1]
prvDeleteTCB            0x0800407d    0x14  Code  Lc  tasks.o [1]
prvIdleTask             0x0800402d    0x50  Code  Lc  tasks.o [1]
prvInitialiseNewTask    0x08003cc9    0x78  Code  Lc  tasks.o [1]
prvInsertBlockIntoFreeList
                        0x080046ef    0x46  Code  Lc  heap_4.o [1]
prvResetNextTaskUnblockTime
                        0x08004091    0x1a  Code  Lc  tasks.o [1]
prvTaskExitError        0x080041c9    0x28  Code  Lc  port.o [1]
pvPortMalloc            0x08004589   0x104  Code  Gb  heap_4.o [1]
pxCurrentTCB            0x20004284     0x4  Data  Gb  tasks.o [1]
pxDelayedTaskList       0x20004288     0x4  Data  Lc  tasks.o [1]
pxEnd                   0x20000214     0x4  Data  Lc  heap_4.o [1]
pxOverflowDelayedTaskList
                        0x2000428c     0x4  Data  Lc  tasks.o [1]
pxPortInitialiseStack   0x080041a1    0x26  Code  Gb  port.o [1]
pxReadyTasksLists       0x200042fc    0x8c  Data  Lc  tasks.o [1]
r_Angle                 0x2000451c     0x4  Data  Gb  main.o [1]
r_BLDC                  0x20003f60   0x138  Data  Gb  main.o [1]
r_EncoderSum            0x20000048     0x8  Data  Gb  main.o [1]
r_Input                 0x200044e8    0x18  Data  Gb  main.o [1]
r_TargetAngle           0x20000058     0x8  Data  Gb  main.o [1]
r_buff                  0x20004514     0x4  Data  Gb  main.o [1]
r_now_RPM               0x20004508     0x4  Data  Gb  main.o [1]
raw_flipper_deg         0x2000001c     0x8  Data  Gb  main.o [1]
real_buff               0x200000e8    0x70  Data  Gb  main.o [1]
rx_buff                 0x20000088     0x1  Data  Gb  main.o [1]
rx_state                0x200000dc     0x4  Data  Gb  main.o [1]
showtime                0x20000158     0x1  Data  Gb  main.o [1]
spi_opperate            0x20004578     0x4  Data  Gb  main.o [1]
st                      0x20000000     0x1  Data  Gb  main.o [1]
start_control           0x20000060     0x4  Data  Gb  main.o [1]
start_init              0x20000002     0x1  Data  Gb  main.o [1]
stop                    0x20000006     0x1  Data  Gb  main.o [1]
timer_test              0x20004500     0x4  Data  Gb  main.o [1]
tx_buff                 0x20000068    0x1c  Data  Gb  main.o [1]
ucHeap                  0x20000224  0x3c00  Data  Lc  heap_4.o [1]
ucMaxSysCallPriority    0x200001f0     0x1  Data  Lc  port.o [1]
ulMaxPRIGROUPValue      0x200001f8     0x4  Data  Lc  port.o [1]
uwTick                  0x20000200     0x4  Data  Gb  stm32f4xx_hal.o [1]
uwTickFreq              0x200001fc     0x1  Data  Gb  stm32f4xx_hal.o [1]
uwTickPrio              0x20000204     0x4  Data  Gb  stm32f4xx_hal.o [1]
uxCriticalNesting       0x200001f4     0x4  Data  Lc  port.o [1]
uxCurrentNumberOfTasks  0x200042a8     0x4  Data  Lc  tasks.o [1]
uxDeletedTasksWaitingCleanUp
                        0x20004290     0x4  Data  Lc  tasks.o [1]
uxListRemove            0x080047a7    0x26  Code  Gb  list.o [1]
uxPendedTicks           0x200042b8     0x4  Data  Lc  tasks.o [1]
uxSchedulerSuspended    0x200042cc     0x4  Data  Lc  tasks.o [1]
uxTaskNumber            0x200042c4     0x4  Data  Lc  tasks.o [1]
uxTopReadyPriority      0x200042b0     0x4  Data  Lc  tasks.o [1]
vListInitialise         0x0800473d    0x1a  Code  Gb  list.o [1]
vListInitialiseItem     0x08004757     0x6  Code  Gb  list.o [1]
vListInsert             0x08004775    0x32  Code  Gb  list.o [1]
vListInsertEnd          0x0800475d    0x18  Code  Gb  list.o [1]
vPortEnableVFP          0x08004861          Code  Gb  portasm.o [1]
vPortEnterCritical      0x08004295    0x32  Code  Gb  port.o [1]
vPortExitCritical       0x080042c7    0x22  Code  Gb  port.o [1]
vPortFree               0x0800469b    0x46  Code  Gb  heap_4.o [1]
vPortStartFirstTask     0x08004841          Code  Gb  portasm.o [1]
vTaskDelay              0x08003ddf    0x2e  Code  Gb  tasks.o [1]
vTaskStartScheduler     0x08003e13    0x54  Code  Gb  tasks.o [1]
vTaskSuspendAll         0x08003e67     0xc  Code  Gb  tasks.o [1]
vTaskSwitchContext      0x08003fd7    0x56  Code  Gb  tasks.o [1]
xBlockAllocatedBit      0x20000220     0x4  Data  Lc  heap_4.o [1]
xDelayedTaskList1       0x200042d0    0x14  Data  Lc  tasks.o [1]
xDelayedTaskList2       0x200042e4    0x14  Data  Lc  tasks.o [1]
xFreeBytesRemaining     0x20000218     0x4  Data  Lc  heap_4.o [1]
xIdleTaskHandle         0x200042f8     0x4  Data  Lc  tasks.o [1]
xMinimumEverFreeBytesRemaining
                        0x2000021c     0x4  Data  Lc  heap_4.o [1]
xNextTaskUnblockTime    0x200042c8     0x4  Data  Lc  tasks.o [1]
xNumOfOverflows         0x200042c0     0x4  Data  Lc  tasks.o [1]
xPendingReadyList       0x2000425c    0x14  Data  Lc  tasks.o [1]
xPortStartScheduler     0x080041f1    0xa4  Code  Gb  port.o [1]
xPortSysTickHandler     0x080042e9    0x1e  Code  Gb  port.o [1]
xSchedulerRunning       0x200042b4     0x4  Data  Lc  tasks.o [1]
xStart                  0x2000020c     0x8  Data  Lc  heap_4.o [1]
xSuspendedTaskList      0x20004294    0x14  Data  Lc  tasks.o [1]
xTaskCreate             0x08003c71    0x58  Code  Gb  tasks.o [1]
xTaskGetSchedulerState  0x080040ab    0x18  Code  Gb  tasks.o [1]
xTaskIncrementTick      0x08003f17    0xc0  Code  Gb  tasks.o [1]
xTaskResumeAll          0x08003e73    0x9c  Code  Gb  tasks.o [1]
xTasksWaitingTermination
                        0x20004270    0x14  Data  Lc  tasks.o [1]
xTickCount              0x200042ac     0x4  Data  Lc  tasks.o [1]
xYieldPending           0x200042bc     0x4  Data  Lc  tasks.o [1]


[1] = C:\stm_file\Rescue_firmware_2019\EWARM\Rescue_firmware_2019\Obj
[2] = command line
[3] = dl7M_tlf.a
[4] = m7M_tls.a
[5] = rt7M_tl.a
[6] = shb_l.a

  19 402 bytes of readonly  code memory
     150 bytes of readonly  data memory
  18 924 bytes of readwrite data memory

Errors: none
Warnings: none
